// Jest Snapshot v1, https://goo.gl/fbAQLP

exports[`ToastMessage component renders correctly 1`] = `
<DocumentFragment>
  <div
    class="toast success"
  >
    This is a success message
    <button
      class="closeButton"
    >
      Ã—
    </button>
  </div>
</DocumentFragment>
`;
